// Jest Snapshot v1, https://goo.gl/fbAQLP

exports[`Loader renders correctly 1`] = `
<ActivityIndicator
  color="#dba970"
  size="large"
  style={
    Array [
      Object {
        "alignItems": "center",
        "justifyContent": "center",
        "marginBottom": "auto",
        "marginLeft": "auto",
        "marginRight": "auto",
        "marginTop": "auto",
      },
    ]
  }
/>
`;
