// Jest Snapshot v1, https://goo.gl/fbAQLP

exports[`Step renders correctly 1`] = `
<View
  style={
    Array [
      Object {
        "flexDirection": "row",
        "marginBottom": 5,
        "paddingRight": 20,
      },
    ]
  }
>
  <Text
    color="#dba970"
    size={16}
    style={
      Array [
        Object {
          "color": "#dba970",
          "fontFamily": "Pompiere-Regular",
          "fontSize": 16,
          "textAlign": "left",
          "textDecorationColor": "black",
          "textDecorationLine": "none",
          "textDecorationStyle": "solid",
          "textTransform": "none",
        },
      ]
    }
    textAlign="left"
    textDecoration="none"
    textTransform="none"
  >
    3 . 
  </Text>
  <Text
    color="#000000"
    size={16}
    style={
      Array [
        Object {
          "color": "#000000",
          "fontFamily": "Pompiere-Regular",
          "fontSize": 16,
          "textAlign": "left",
          "textDecorationColor": "black",
          "textDecorationLine": "none",
          "textDecorationStyle": "solid",
          "textTransform": "none",
        },
      ]
    }
    textAlign="left"
    textDecoration="none"
    textTransform="none"
  >
    This is a text step
  </Text>
</View>
`;
